
Memory Configuration

Name             Origin             Length             Attributes
flash            0x00000000         0x20000000         xr
sram             0x20000000         0x20000000         xrw
*default*        0x00000000         0xffffffff

Linker script and memory map


.text           0x00000000      0x1b8
 *(.vectors*)
 .vectors       0x00000000       0x38 startup.o
                0x00000000                g_ptr_func_vector
 *(.text*)
 .text          0x00000038       0xc4 main.o
                0x00000038                main
 .text          0x000000fc       0xbc startup.o
                0x000000fc                IRQ0_Handler
                0x000000fc                PendSV_Handler
                0x000000fc                NMI_Handler
                0x000000fc                Sys_Tick_Handler
                0x000000fc                Bus_Fault_Handler
                0x000000fc                MM_Fault_Handler
                0x000000fc                SV_call_Handler
                0x000000fc                Default_Handler
                0x000000fc                IRQ2_Handler
                0x000000fc                Debug_reserved_Handler
                0x000000fc                IRQ1_Handler
                0x000000fc                Usage_Fault_Handler
                0x000000fc                Hard_Fault_Handler
                0x00000108                Reset_Handler
                0x000001b8                _E_TEXT = .

.glue_7         0x000001b8        0x0
 .glue_7        0x00000000        0x0 linker stubs

.glue_7t        0x000001b8        0x0
 .glue_7t       0x00000000        0x0 linker stubs

.vfp11_veneer   0x000001b8        0x0
 .vfp11_veneer  0x00000000        0x0 linker stubs

.v4_bx          0x000001b8        0x0
 .v4_bx         0x00000000        0x0 linker stubs

.iplt           0x000001b8        0x0
 .iplt          0x00000000        0x0 main.o

.rel.dyn        0x000001b8        0x0
 .rel.iplt      0x00000000        0x0 main.o

.rodata
 *(.rodata*)

.data           0x20000000        0x0 load address 0x000001b8
                0x20000000                _S_DATA = .
 *(.data*)
 .data          0x20000000        0x0 main.o
 .data          0x20000000        0x0 startup.o
                0x20000000                . = ALIGN (0x4)
                0x20000000                _E_DATA = .

.igot.plt       0x20000000        0x0 load address 0x000001b8
 .igot.plt      0x00000000        0x0 main.o

.bss            0x20000000      0x400 load address 0x000001b8
                0x20000000                _S_BSS = .
 *(.bss)
 .bss           0x20000000        0x0 main.o
 .bss           0x20000000      0x400 startup.o
                0x20000400                _E_BSS = .
LOAD main.o
LOAD startup.o
OUTPUT(LAB2_ARM_CORTEX-M4.elf elf32-littlearm)

.debug_info     0x00000000      0x1fe
 .debug_info    0x00000000       0x65 main.o
 .debug_info    0x00000065      0x199 startup.o

.debug_abbrev   0x00000000      0x12f
 .debug_abbrev  0x00000000       0x5a main.o
 .debug_abbrev  0x0000005a       0xd5 startup.o

.debug_loc      0x00000000       0x9c
 .debug_loc     0x00000000       0x38 main.o
 .debug_loc     0x00000038       0x64 startup.o

.debug_aranges  0x00000000       0x40
 .debug_aranges
                0x00000000       0x20 main.o
 .debug_aranges
                0x00000020       0x20 startup.o

.debug_line     0x00000000      0x111
 .debug_line    0x00000000       0x63 main.o
 .debug_line    0x00000063       0xae startup.o

.debug_str      0x00000000      0x14c
 .debug_str     0x00000000       0x5d main.o
                                 0x6f (size before relaxing)
 .debug_str     0x0000005d       0xef startup.o
                                0x16d (size before relaxing)

.comment        0x00000000       0x11
 .comment       0x00000000       0x11 main.o
                                 0x12 (size before relaxing)
 .comment       0x00000000       0x12 startup.o

.ARM.attributes
                0x00000000       0x33
 .ARM.attributes
                0x00000000       0x33 main.o
 .ARM.attributes
                0x00000033       0x33 startup.o

.debug_frame    0x00000000       0x78
 .debug_frame   0x00000000       0x2c main.o
 .debug_frame   0x0000002c       0x4c startup.o
